10.4.255.86 - - [18/Jul/2025:12:22:50 +0200] "GET /ocs/v2.php/apps/notifications/api/v2/notifications HTTP/2.0" 304 0 "-" "Mozilla/5.0 (X11; Linux x86_64; rv:128.0) Gecko/20100101 Firefox/128.0"
10.4.255.86 - - [18/Jul/2025:12:23:20 +0200] "GET /ocs/v2.php/apps/notifications/api/v2/notifications HTTP/2.0" 304 0 "-" "Mozilla/5.0 (X11; Linux x86_64; rv:128.0) Gecko/20100101 Firefox/128.0"
10.4.255.92 - - [18/Jul/2025:12:23:33 +0200] "GET /ocs/v2.php/apps/notifications/api/v2/notifications HTTP/2.0" 304 0 "-" "Mozilla/5.0 (Windows NT 10.0; Win64; x64) AppleWebKit/537.36 (KHTML, like Gecko) Chrome/138.0.0.0 Safari/537.36"
10.4.255.86 - - [18/Jul/2025:12:23:50 +0200] "GET /ocs/v2.php/apps/notifications/api/v2/notifications HTTP/2.0" 304 0 "-" "Mozilla/5.0 (X11; Linux x86_64; rv:128.0) Gecko/20100101 Firefox/128.0"
10.4.255.86 - - [18/Jul/2025:12:23:57 +0200] "PUT /ocs/v2.php/apps/user_status/api/v1/heartbeat?format=json HTTP/2.0" 200 150 "-" "Mozilla/5.0 (X11; Linux x86_64; rv:128.0) Gecko/20100101 Firefox/128.0"
10.4.255.86 - - [18/Jul/2025:12:24:15 +0200] "PUT /ocs/v2.php/apps/user_status/api/v1/heartbeat?format=json HTTP/2.0" 200 150 "-" "Mozilla/5.0 (X11; Linux x86_64; rv:128.0) Gecko/20100101 Firefox/128.0"
10.4.255.86 - - [18/Jul/2025:12:24:20 +0200] "GET /ocs/v2.php/apps/notifications/api/v2/notifications HTTP/2.0" 304 0 "-" "Mozilla/5.0 (X11; Linux x86_64; rv:128.0) Gecko/20100101 Firefox/128.0"
10.4.255.92 - - [18/Jul/2025:12:24:33 +0200] "GET /ocs/v2.php/apps/notifications/api/v2/notifications HTTP/2.0" 304 0 "-" "Mozilla/5.0 (Windows NT 10.0; Win64; x64) AppleWebKit/537.36 (KHTML, like Gecko) Chrome/138.0.0.0 Safari/537.36"
10.4.255.86 - - [18/Jul/2025:12:24:50 +0200] "GET /ocs/v2.php/apps/notifications/api/v2/notifications HTTP/2.0" 304 0 "-" "Mozilla/5.0 (X11; Linux x86_64; rv:128.0) Gecko/20100101 Firefox/128.0"
10.4.255.86 - - [18/Jul/2025:12:25:17 +0200] "GET /csrftoken HTTP/2.0" 200 123 "-" "Mozilla/5.0 (X11; Linux x86_64; rv:128.0) Gecko/20100101 Firefox/128.0"
10.4.255.86 - - [18/Jul/2025:12:25:20 +0200] "GET /ocs/v2.php/apps/notifications/api/v2/notifications HTTP/2.0" 304 0 "-" "Mozilla/5.0 (X11; Linux x86_64; rv:128.0) Gecko/20100101 Firefox/128.0"
10.4.255.92 - - [18/Jul/2025:12:25:33 +0200] "GET /ocs/v2.php/apps/notifications/api/v2/notifications HTTP/2.0" 304 0 "-" "Mozilla/5.0 (Windows NT 10.0; Win64; x64) AppleWebKit/537.36 (KHTML, like Gecko) Chrome/138.0.0.0 Safari/537.36"
10.4.255.86 - - [18/Jul/2025:12:25:50 +0200] "GET /ocs/v2.php/apps/notifications/api/v2/notifications HTTP/2.0" 304 0 "-" "Mozilla/5.0 (X11; Linux x86_64; rv:128.0) Gecko/20100101 Firefox/128.0"
10.4.255.86 - - [18/Jul/2025:12:26:20 +0200] "GET /ocs/v2.php/apps/notifications/api/v2/notifications HTTP/2.0" 304 0 "-" "Mozilla/5.0 (X11; Linux x86_64; rv:128.0) Gecko/20100101 Firefox/128.0"
10.4.255.92 - - [18/Jul/2025:12:26:35 +0200] "GET /ocs/v2.php/apps/notifications/api/v2/notifications HTTP/2.0" 304 0 "-" "Mozilla/5.0 (Windows NT 10.0; Win64; x64) AppleWebKit/537.36 (KHTML, like Gecko) Chrome/138.0.0.0 Safari/537.36"
10.4.255.86 - - [18/Jul/2025:12:26:50 +0200] "GET /ocs/v2.php/apps/notifications/api/v2/notifications HTTP/2.0" 304 0 "-" "Mozilla/5.0 (X11; Linux x86_64; rv:128.0) Gecko/20100101 Firefox/128.0"
10.4.255.86 - - [18/Jul/2025:12:27:20 +0200] "GET /ocs/v2.php/apps/notifications/api/v2/notifications HTTP/2.0" 304 0 "-" "Mozilla/5.0 (X11; Linux x86_64; rv:128.0) Gecko/20100101 Firefox/128.0"
10.4.255.92 - - [18/Jul/2025:12:27:34 +0200] "GET /ocs/v2.php/apps/notifications/api/v2/notifications HTTP/2.0" 304 0 "-" "Mozilla/5.0 (Windows NT 10.0; Win64; x64) AppleWebKit/537.36 (KHTML, like Gecko) Chrome/138.0.0.0 Safari/537.36"
10.4.255.92 - - [18/Jul/2025:12:27:34 +0200] "PUT /ocs/v2.php/apps/user_status/api/v1/heartbeat?format=json HTTP/2.0" 200 150 "-" "Mozilla/5.0 (Windows NT 10.0; Win64; x64) AppleWebKit/537.36 (KHTML, like Gecko) Chrome/138.0.0.0 Safari/537.36"
10.4.255.92 - - [18/Jul/2025:12:27:41 +0200] "GET /csrftoken HTTP/2.0" 200 123 "-" "Mozilla/5.0 (Windows NT 10.0; Win64; x64) AppleWebKit/537.36 (KHTML, like Gecko) Chrome/138.0.0.0 Safari/537.36"
10.4.255.86 - - [18/Jul/2025:12:27:50 +0200] "GET /ocs/v2.php/apps/notifications/api/v2/notifications HTTP/2.0" 304 0 "-" "Mozilla/5.0 (X11; Linux x86_64; rv:128.0) Gecko/20100101 Firefox/128.0"
10.4.255.92 - - [18/Jul/2025:12:28:11 +0200] "GET /ocs/v2.php/apps/notifications/api/v2/notifications HTTP/2.0" 304 0 "-" "Mozilla/5.0 (Windows NT 10.0; Win64; x64) AppleWebKit/537.36 (KHTML, like Gecko) Chrome/138.0.0.0 Safari/537.36"
10.4.255.92 - - [18/Jul/2025:12:28:15 +0200] "PUT /ocs/v2.php/apps/user_status/api/v1/heartbeat?format=json HTTP/2.0" 200 150 "-" "Mozilla/5.0 (Windows NT 10.0; Win64; x64) AppleWebKit/537.36 (KHTML, like Gecko) Chrome/138.0.0.0 Safari/537.36"
10.4.255.86 - - [18/Jul/2025:12:28:20 +0200] "GET /ocs/v2.php/apps/notifications/api/v2/notifications HTTP/2.0" 304 0 "-" "Mozilla/5.0 (X11; Linux x86_64; rv:128.0) Gecko/20100101 Firefox/128.0"
10.4.255.92 - - [18/Jul/2025:12:28:41 +0200] "GET /ocs/v2.php/apps/notifications/api/v2/notifications HTTP/2.0" 304 0 "-" "Mozilla/5.0 (Windows NT 10.0; Win64; x64) AppleWebKit/537.36 (KHTML, like Gecko) Chrome/138.0.0.0 Safari/537.36"
10.4.255.86 - - [18/Jul/2025:12:28:50 +0200] "GET /ocs/v2.php/apps/notifications/api/v2/notifications HTTP/2.0" 304 0 "-" "Mozilla/5.0 (X11; Linux x86_64; rv:128.0) Gecko/20100101 Firefox/128.0"
10.4.255.86 - - [18/Jul/2025:12:28:57 +0200] "PUT /ocs/v2.php/apps/user_status/api/v1/heartbeat?format=json HTTP/2.0" 200 150 "-" "Mozilla/5.0 (X11; Linux x86_64; rv:128.0) Gecko/20100101 Firefox/128.0"
10.4.255.92 - - [18/Jul/2025:12:29:11 +0200] "GET /ocs/v2.php/apps/notifications/api/v2/notifications HTTP/2.0" 304 0 "-" "Mozilla/5.0 (Windows NT 10.0; Win64; x64) AppleWebKit/537.36 (KHTML, like Gecko) Chrome/138.0.0.0 Safari/537.36"
10.4.255.86 - - [18/Jul/2025:12:29:15 +0200] "PUT /ocs/v2.php/apps/user_status/api/v1/heartbeat?format=json HTTP/2.0" 200 150 "-" "Mozilla/5.0 (X11; Linux x86_64; rv:128.0) Gecko/20100101 Firefox/128.0"
10.4.255.86 - - [18/Jul/2025:12:29:20 +0200] "GET /ocs/v2.php/apps/notifications/api/v2/notifications HTTP/2.0" 304 0 "-" "Mozilla/5.0 (X11; Linux x86_64; rv:128.0) Gecko/20100101 Firefox/128.0"
10.4.255.86 - - [18/Jul/2025:12:29:50 +0200] "GET /ocs/v2.php/apps/notifications/api/v2/notifications HTTP/2.0" 304 0 "-" "Mozilla/5.0 (X11; Linux x86_64; rv:128.0) Gecko/20100101 Firefox/128.0"
10.4.255.92 - - [18/Jul/2025:12:30:12 +0200] "GET /ocs/v2.php/apps/notifications/api/v2/notifications HTTP/2.0" 304 0 "-" "Mozilla/5.0 (Windows NT 10.0; Win64; x64) AppleWebKit/537.36 (KHTML, like Gecko) Chrome/138.0.0.0 Safari/537.36"
10.4.255.86 - - [18/Jul/2025:12:30:20 +0200] "GET /ocs/v2.php/apps/notifications/api/v2/notifications HTTP/2.0" 304 0 "-" "Mozilla/5.0 (X11; Linux x86_64; rv:128.0) Gecko/20100101 Firefox/128.0"
10.4.255.86 - - [18/Jul/2025:12:30:50 +0200] "GET /ocs/v2.php/apps/notifications/api/v2/notifications HTTP/2.0" 304 0 "-" "Mozilla/5.0 (X11; Linux x86_64; rv:128.0) Gecko/20100101 Firefox/128.0"
10.4.255.92 - - [18/Jul/2025:12:31:13 +0200] "GET /ocs/v2.php/apps/notifications/api/v2/notifications HTTP/2.0" 304 0 "-" "Mozilla/5.0 (Windows NT 10.0; Win64; x64) AppleWebKit/537.36 (KHTML, like Gecko) Chrome/138.0.0.0 Safari/537.36"
10.4.255.86 - - [18/Jul/2025:12:31:20 +0200] "GET /ocs/v2.php/apps/notifications/api/v2/notifications HTTP/2.0" 304 0 "-" "Mozilla/5.0 (X11; Linux x86_64; rv:128.0) Gecko/20100101 Firefox/128.0"
10.4.255.86 - - [18/Jul/2025:12:31:50 +0200] "GET /ocs/v2.php/apps/notifications/api/v2/notifications HTTP/2.0" 304 0 "-" "Mozilla/5.0 (X11; Linux x86_64; rv:128.0) Gecko/20100101 Firefox/128.0"
10.4.255.92 - - [18/Jul/2025:12:32:15 +0200] "GET /ocs/v2.php/apps/notifications/api/v2/notifications HTTP/2.0" 304 0 "-" "Mozilla/5.0 (Windows NT 10.0; Win64; x64) AppleWebKit/537.36 (KHTML, like Gecko) Chrome/138.0.0.0 Safari/537.36"
10.4.255.92 - - [18/Jul/2025:12:32:15 +0200] "PUT /ocs/v2.php/apps/user_status/api/v1/heartbeat?format=json HTTP/2.0" 200 150 "-" "Mozilla/5.0 (Windows NT 10.0; Win64; x64) AppleWebKit/537.36 (KHTML, like Gecko) Chrome/138.0.0.0 Safari/537.36"
10.4.255.86 - - [18/Jul/2025:12:32:20 +0200] "GET /ocs/v2.php/apps/notifications/api/v2/notifications HTTP/2.0" 304 0 "-" "Mozilla/5.0 (X11; Linux x86_64; rv:128.0) Gecko/20100101 Firefox/128.0"
10.4.255.86 - - [18/Jul/2025:12:32:36 +0200] "GET /csrftoken HTTP/2.0" 200 121 "-" "Mozilla/5.0 (X11; Linux x86_64; rv:128.0) Gecko/20100101 Firefox/128.0"
10.4.255.86 - - [18/Jul/2025:12:32:50 +0200] "GET /ocs/v2.php/apps/notifications/api/v2/notifications HTTP/2.0" 304 0 "-" "Mozilla/5.0 (X11; Linux x86_64; rv:128.0) Gecko/20100101 Firefox/128.0"
10.4.255.92 - - [18/Jul/2025:12:33:16 +0200] "GET /ocs/v2.php/apps/notifications/api/v2/notifications HTTP/2.0" 304 0 "-" "Mozilla/5.0 (Windows NT 10.0; Win64; x64) AppleWebKit/537.36 (KHTML, like Gecko) Chrome/138.0.0.0 Safari/537.36"
10.4.255.86 - - [18/Jul/2025:12:33:20 +0200] "GET /ocs/v2.php/apps/notifications/api/v2/notifications HTTP/2.0" 304 0 "-" "Mozilla/5.0 (X11; Linux x86_64; rv:128.0) Gecko/20100101 Firefox/128.0"
10.4.255.86 - - [18/Jul/2025:12:33:50 +0200] "GET /ocs/v2.php/apps/notifications/api/v2/notifications HTTP/2.0" 304 0 "-" "Mozilla/5.0 (X11; Linux x86_64; rv:128.0) Gecko/20100101 Firefox/128.0"
10.4.255.86 - - [18/Jul/2025:12:33:57 +0200] "PUT /ocs/v2.php/apps/user_status/api/v1/heartbeat?format=json HTTP/2.0" 200 150 "-" "Mozilla/5.0 (X11; Linux x86_64; rv:128.0) Gecko/20100101 Firefox/128.0"
10.4.255.86 - - [18/Jul/2025:12:34:15 +0200] "PUT /ocs/v2.php/apps/user_status/api/v1/heartbeat?format=json HTTP/2.0" 200 150 "-" "Mozilla/5.0 (X11; Linux x86_64; rv:128.0) Gecko/20100101 Firefox/128.0"
10.4.255.92 - - [18/Jul/2025:12:34:16 +0200] "GET /ocs/v2.php/apps/notifications/api/v2/notifications HTTP/2.0" 304 0 "-" "Mozilla/5.0 (Windows NT 10.0; Win64; x64) AppleWebKit/537.36 (KHTML, like Gecko) Chrome/138.0.0.0 Safari/537.36"
10.4.255.86 - - [18/Jul/2025:12:34:20 +0200] "GET /ocs/v2.php/apps/notifications/api/v2/notifications HTTP/2.0" 304 0 "-" "Mozilla/5.0 (X11; Linux x86_64; rv:128.0) Gecko/20100101 Firefox/128.0"
10.4.255.86 - - [18/Jul/2025:12:34:50 +0200] "GET /ocs/v2.php/apps/notifications/api/v2/notifications HTTP/2.0" 304 0 "-" "Mozilla/5.0 (X11; Linux x86_64; rv:128.0) Gecko/20100101 Firefox/128.0"
10.4.255.92 - - [18/Jul/2025:12:35:17 +0200] "GET /ocs/v2.php/apps/notifications/api/v2/notifications HTTP/2.0" 304 0 "-" "Mozilla/5.0 (Windows NT 10.0; Win64; x64) AppleWebKit/537.36 (KHTML, like Gecko) Chrome/138.0.0.0 Safari/537.36"
10.4.255.86 - - [18/Jul/2025:12:35:20 +0200] "GET /ocs/v2.php/apps/notifications/api/v2/notifications HTTP/2.0" 304 0 "-" "Mozilla/5.0 (X11; Linux x86_64; rv:128.0) Gecko/20100101 Firefox/128.0"
10.4.255.86 - - [18/Jul/2025:12:35:50 +0200] "GET /ocs/v2.php/apps/notifications/api/v2/notifications HTTP/2.0" 304 0 "-" "Mozilla/5.0 (X11; Linux x86_64; rv:128.0) Gecko/20100101 Firefox/128.0"
10.4.255.92 - - [18/Jul/2025:12:36:18 +0200] "GET /ocs/v2.php/apps/notifications/api/v2/notifications HTTP/2.0" 304 0 "-" "Mozilla/5.0 (Windows NT 10.0; Win64; x64) AppleWebKit/537.36 (KHTML, like Gecko) Chrome/138.0.0.0 Safari/537.36"
10.4.255.86 - - [18/Jul/2025:12:36:20 +0200] "GET /ocs/v2.php/apps/notifications/api/v2/notifications HTTP/2.0" 304 0 "-" "Mozilla/5.0 (X11; Linux x86_64; rv:128.0) Gecko/20100101 Firefox/128.0"
10.4.255.86 - - [18/Jul/2025:12:36:50 +0200] "GET /ocs/v2.php/apps/notifications/api/v2/notifications HTTP/2.0" 304 0 "-" "Mozilla/5.0 (X11; Linux x86_64; rv:128.0) Gecko/20100101 Firefox/128.0"
10.4.255.86 - - [18/Jul/2025:12:37:17 +0200] "GET /csrftoken HTTP/2.0" 200 125 "-" "Mozilla/5.0 (X11; Linux x86_64; rv:128.0) Gecko/20100101 Firefox/128.0"
10.4.255.92 - - [18/Jul/2025:12:37:19 +0200] "GET /ocs/v2.php/apps/notifications/api/v2/notifications HTTP/2.0" 304 0 "-" "Mozilla/5.0 (Windows NT 10.0; Win64; x64) AppleWebKit/537.36 (KHTML, like Gecko) Chrome/138.0.0.0 Safari/537.36"
10.4.255.92 - - [18/Jul/2025:12:37:19 +0200] "PUT /ocs/v2.php/apps/user_status/api/v1/heartbeat?format=json HTTP/2.0" 200 150 "-" "Mozilla/5.0 (Windows NT 10.0; Win64; x64) AppleWebKit/537.36 (KHTML, like Gecko) Chrome/138.0.0.0 Safari/537.36"
10.4.255.86 - - [18/Jul/2025:12:37:20 +0200] "GET /ocs/v2.php/apps/notifications/api/v2/notifications HTTP/2.0" 304 0 "-" "Mozilla/5.0 (X11; Linux x86_64; rv:128.0) Gecko/20100101 Firefox/128.0"
10.4.255.86 - - [18/Jul/2025:12:37:50 +0200] "GET /ocs/v2.php/apps/notifications/api/v2/notifications HTTP/2.0" 304 0 "-" "Mozilla/5.0 (X11; Linux x86_64; rv:128.0) Gecko/20100101 Firefox/128.0"
10.4.255.86 - - [18/Jul/2025:12:38:20 +0200] "GET /ocs/v2.php/apps/notifications/api/v2/notifications HTTP/2.0" 304 0 "-" "Mozilla/5.0 (X11; Linux x86_64; rv:128.0) Gecko/20100101 Firefox/128.0"
10.4.255.92 - - [18/Jul/2025:12:38:20 +0200] "GET /ocs/v2.php/apps/notifications/api/v2/notifications HTTP/2.0" 304 0 "-" "Mozilla/5.0 (Windows NT 10.0; Win64; x64) AppleWebKit/537.36 (KHTML, like Gecko) Chrome/138.0.0.0 Safari/537.36"
10.4.255.86 - - [18/Jul/2025:12:38:50 +0200] "GET /ocs/v2.php/apps/notifications/api/v2/notifications HTTP/2.0" 304 0 "-" "Mozilla/5.0 (X11; Linux x86_64; rv:128.0) Gecko/20100101 Firefox/128.0"
10.4.255.86 - - [18/Jul/2025:12:38:57 +0200] "PUT /ocs/v2.php/apps/user_status/api/v1/heartbeat?format=json HTTP/2.0" 200 150 "-" "Mozilla/5.0 (X11; Linux x86_64; rv:128.0) Gecko/20100101 Firefox/128.0"
10.4.255.86 - - [18/Jul/2025:12:39:15 +0200] "PUT /ocs/v2.php/apps/user_status/api/v1/heartbeat?format=json HTTP/2.0" 200 150 "-" "Mozilla/5.0 (X11; Linux x86_64; rv:128.0) Gecko/20100101 Firefox/128.0"
10.4.255.86 - - [18/Jul/2025:12:39:20 +0200] "GET /ocs/v2.php/apps/notifications/api/v2/notifications HTTP/2.0" 304 0 "-" "Mozilla/5.0 (X11; Linux x86_64; rv:128.0) Gecko/20100101 Firefox/128.0"
10.4.255.92 - - [18/Jul/2025:12:39:21 +0200] "GET /ocs/v2.php/apps/notifications/api/v2/notifications HTTP/2.0" 304 0 "-" "Mozilla/5.0 (Windows NT 10.0; Win64; x64) AppleWebKit/537.36 (KHTML, like Gecko) Chrome/138.0.0.0 Safari/537.36"
10.4.255.92 - - [18/Jul/2025:12:39:41 +0200] "GET /csrftoken HTTP/2.0" 200 122 "-" "Mozilla/5.0 (Windows NT 10.0; Win64; x64) AppleWebKit/537.36 (KHTML, like Gecko) Chrome/138.0.0.0 Safari/537.36"
10.4.255.86 - - [18/Jul/2025:12:39:50 +0200] "GET /ocs/v2.php/apps/notifications/api/v2/notifications HTTP/2.0" 304 0 "-" "Mozilla/5.0 (X11; Linux x86_64; rv:128.0) Gecko/20100101 Firefox/128.0"
10.4.255.86 - - [18/Jul/2025:12:40:20 +0200] "GET /ocs/v2.php/apps/notifications/api/v2/notifications HTTP/2.0" 304 0 "-" "Mozilla/5.0 (X11; Linux x86_64; rv:128.0) Gecko/20100101 Firefox/128.0"
10.4.255.92 - - [18/Jul/2025:12:40:22 +0200] "GET /ocs/v2.php/apps/notifications/api/v2/notifications HTTP/2.0" 304 0 "-" "Mozilla/5.0 (Windows NT 10.0; Win64; x64) AppleWebKit/537.36 (KHTML, like Gecko) Chrome/138.0.0.0 Safari/537.36"
10.4.255.86 - - [18/Jul/2025:12:40:50 +0200] "GET /ocs/v2.php/apps/notifications/api/v2/notifications HTTP/2.0" 304 0 "-" "Mozilla/5.0 (X11; Linux x86_64; rv:128.0) Gecko/20100101 Firefox/128.0"
10.4.255.86 - - [18/Jul/2025:12:41:20 +0200] "GET /ocs/v2.php/apps/notifications/api/v2/notifications HTTP/2.0" 304 0 "-" "Mozilla/5.0 (X11; Linux x86_64; rv:128.0) Gecko/20100101 Firefox/128.0"
10.4.255.92 - - [18/Jul/2025:12:41:23 +0200] "GET /ocs/v2.php/apps/notifications/api/v2/notifications HTTP/2.0" 304 0 "-" "Mozilla/5.0 (Windows NT 10.0; Win64; x64) AppleWebKit/537.36 (KHTML, like Gecko) Chrome/138.0.0.0 Safari/537.36"
10.4.255.86 - - [18/Jul/2025:12:41:50 +0200] "GET /ocs/v2.php/apps/notifications/api/v2/notifications HTTP/2.0" 304 0 "-" "Mozilla/5.0 (X11; Linux x86_64; rv:128.0) Gecko/20100101 Firefox/128.0"
10.4.255.86 - - [18/Jul/2025:12:42:20 +0200] "GET /ocs/v2.php/apps/notifications/api/v2/notifications HTTP/2.0" 304 0 "-" "Mozilla/5.0 (X11; Linux x86_64; rv:128.0) Gecko/20100101 Firefox/128.0"
10.4.255.86 - - [18/Jul/2025:12:42:50 +0200] "GET /ocs/v2.php/apps/notifications/api/v2/notifications HTTP/2.0" 304 0 "-" "Mozilla/5.0 (X11; Linux x86_64; rv:128.0) Gecko/20100101 Firefox/128.0"
10.4.255.86 - - [18/Jul/2025:12:43:20 +0200] "GET /ocs/v2.php/apps/notifications/api/v2/notifications HTTP/2.0" 304 0 "-" "Mozilla/5.0 (X11; Linux x86_64; rv:128.0) Gecko/20100101 Firefox/128.0"
10.4.255.86 - - [18/Jul/2025:12:43:50 +0200] "GET /ocs/v2.php/apps/notifications/api/v2/notifications HTTP/2.0" 304 0 "-" "Mozilla/5.0 (X11; Linux x86_64; rv:128.0) Gecko/20100101 Firefox/128.0"
10.4.255.86 - - [18/Jul/2025:12:43:57 +0200] "PUT /ocs/v2.php/apps/user_status/api/v1/heartbeat?format=json HTTP/2.0" 200 150 "-" "Mozilla/5.0 (X11; Linux x86_64; rv:128.0) Gecko/20100101 Firefox/128.0"
10.4.255.86 - - [18/Jul/2025:12:44:15 +0200] "PUT /ocs/v2.php/apps/user_status/api/v1/heartbeat?format=json HTTP/2.0" 200 150 "-" "Mozilla/5.0 (X11; Linux x86_64; rv:128.0) Gecko/20100101 Firefox/128.0"
10.4.255.86 - - [18/Jul/2025:12:44:20 +0200] "GET /ocs/v2.php/apps/notifications/api/v2/notifications HTTP/2.0" 304 0 "-" "Mozilla/5.0 (X11; Linux x86_64; rv:128.0) Gecko/20100101 Firefox/128.0"
10.4.255.86 - - [18/Jul/2025:12:44:36 +0200] "GET /csrftoken HTTP/2.0" 200 121 "-" "Mozilla/5.0 (X11; Linux x86_64; rv:128.0) Gecko/20100101 Firefox/128.0"
10.4.255.86 - - [18/Jul/2025:12:44:50 +0200] "GET /ocs/v2.php/apps/notifications/api/v2/notifications HTTP/2.0" 304 0 "-" "Mozilla/5.0 (X11; Linux x86_64; rv:128.0) Gecko/20100101 Firefox/128.0"
10.4.255.86 - - [18/Jul/2025:12:45:20 +0200] "GET /ocs/v2.php/apps/notifications/api/v2/notifications HTTP/2.0" 304 0 "-" "Mozilla/5.0 (X11; Linux x86_64; rv:128.0) Gecko/20100101 Firefox/128.0"
10.4.255.86 - - [18/Jul/2025:12:45:50 +0200] "GET /ocs/v2.php/apps/notifications/api/v2/notifications HTTP/2.0" 304 0 "-" "Mozilla/5.0 (X11; Linux x86_64; rv:128.0) Gecko/20100101 Firefox/128.0"
10.4.255.86 - - [18/Jul/2025:12:46:20 +0200] "GET /ocs/v2.php/apps/notifications/api/v2/notifications HTTP/2.0" 304 0 "-" "Mozilla/5.0 (X11; Linux x86_64; rv:128.0) Gecko/20100101 Firefox/128.0"
10.4.255.86 - - [18/Jul/2025:12:46:50 +0200] "GET /ocs/v2.php/apps/notifications/api/v2/notifications HTTP/2.0" 304 0 "-" "Mozilla/5.0 (X11; Linux x86_64; rv:128.0) Gecko/20100101 Firefox/128.0"
10.4.255.86 - - [18/Jul/2025:12:47:20 +0200] "GET /ocs/v2.php/apps/notifications/api/v2/notifications HTTP/2.0" 304 0 "-" "Mozilla/5.0 (X11; Linux x86_64; rv:128.0) Gecko/20100101 Firefox/128.0"
10.4.255.86 - - [18/Jul/2025:12:47:50 +0200] "GET /ocs/v2.php/apps/notifications/api/v2/notifications HTTP/2.0" 304 0 "-" "Mozilla/5.0 (X11; Linux x86_64; rv:128.0) Gecko/20100101 Firefox/128.0"
10.4.255.86 - - [18/Jul/2025:12:48:20 +0200] "GET /ocs/v2.php/apps/notifications/api/v2/notifications HTTP/2.0" 304 0 "-" "Mozilla/5.0 (X11; Linux x86_64; rv:128.0) Gecko/20100101 Firefox/128.0"
10.4.255.86 - - [18/Jul/2025:12:48:50 +0200] "GET /ocs/v2.php/apps/notifications/api/v2/notifications HTTP/2.0" 304 0 "-" "Mozilla/5.0 (X11; Linux x86_64; rv:128.0) Gecko/20100101 Firefox/128.0"
10.4.255.86 - - [18/Jul/2025:12:48:57 +0200] "PUT /ocs/v2.php/apps/user_status/api/v1/heartbeat?format=json HTTP/2.0" 200 150 "-" "Mozilla/5.0 (X11; Linux x86_64; rv:128.0) Gecko/20100101 Firefox/128.0"
10.4.255.86 - - [18/Jul/2025:12:49:15 +0200] "PUT /ocs/v2.php/apps/user_status/api/v1/heartbeat?format=json HTTP/2.0" 200 150 "-" "Mozilla/5.0 (X11; Linux x86_64; rv:128.0) Gecko/20100101 Firefox/128.0"
10.4.255.86 - - [18/Jul/2025:12:49:17 +0200] "GET /csrftoken HTTP/2.0" 200 121 "-" "Mozilla/5.0 (X11; Linux x86_64; rv:128.0) Gecko/20100101 Firefox/128.0"
10.4.255.86 - - [18/Jul/2025:12:49:20 +0200] "GET /ocs/v2.php/apps/notifications/api/v2/notifications HTTP/2.0" 304 0 "-" "Mozilla/5.0 (X11; Linux x86_64; rv:128.0) Gecko/20100101 Firefox/128.0"
10.4.255.86 - - [18/Jul/2025:12:49:50 +0200] "GET /ocs/v2.php/apps/notifications/api/v2/notifications HTTP/2.0" 304 0 "-" "Mozilla/5.0 (X11; Linux x86_64; rv:128.0) Gecko/20100101 Firefox/128.0"
10.4.255.86 - - [18/Jul/2025:12:50:20 +0200] "GET /ocs/v2.php/apps/notifications/api/v2/notifications HTTP/2.0" 304 0 "-" "Mozilla/5.0 (X11; Linux x86_64; rv:128.0) Gecko/20100101 Firefox/128.0"
10.4.255.86 - - [18/Jul/2025:12:50:50 +0200] "GET /ocs/v2.php/apps/notifications/api/v2/notifications HTTP/2.0" 304 0 "-" "Mozilla/5.0 (X11; Linux x86_64; rv:128.0) Gecko/20100101 Firefox/128.0"
10.4.255.86 - - [18/Jul/2025:12:51:20 +0200] "GET /ocs/v2.php/apps/notifications/api/v2/notifications HTTP/2.0" 304 0 "-" "Mozilla/5.0 (X11; Linux x86_64; rv:128.0) Gecko/20100101 Firefox/128.0"
10.4.255.86 - - [18/Jul/2025:12:51:50 +0200] "GET /ocs/v2.php/apps/notifications/api/v2/notifications HTTP/2.0" 304 0 "-" "Mozilla/5.0 (X11; Linux x86_64; rv:128.0) Gecko/20100101 Firefox/128.0"
10.4.255.86 - - [18/Jul/2025:12:52:20 +0200] "GET /ocs/v2.php/apps/notifications/api/v2/notifications HTTP/2.0" 304 0 "-" "Mozilla/5.0 (X11; Linux x86_64; rv:128.0) Gecko/20100101 Firefox/128.0"
10.4.255.86 - - [18/Jul/2025:12:52:50 +0200] "GET /ocs/v2.php/apps/notifications/api/v2/notifications HTTP/2.0" 304 0 "-" "Mozilla/5.0 (X11; Linux x86_64; rv:128.0) Gecko/20100101 Firefox/128.0"
10.4.255.86 - - [18/Jul/2025:12:53:20 +0200] "GET /ocs/v2.php/apps/notifications/api/v2/notifications HTTP/2.0" 304 0 "-" "Mozilla/5.0 (X11; Linux x86_64; rv:128.0) Gecko/20100101 Firefox/128.0"
10.4.255.92 - - [18/Jul/2025:12:53:22 +0200] "GET /ocs/v2.php/apps/notifications/api/v2/notifications HTTP/2.0" 304 0 "-" "Mozilla/5.0 (Windows NT 10.0; Win64; x64) AppleWebKit/537.36 (KHTML, like Gecko) Chrome/138.0.0.0 Safari/537.36"
10.4.255.92 - - [18/Jul/2025:12:53:22 +0200] "PUT /ocs/v2.php/apps/user_status/api/v1/heartbeat?format=json HTTP/2.0" 200 150 "-" "Mozilla/5.0 (Windows NT 10.0; Win64; x64) AppleWebKit/537.36 (KHTML, like Gecko) Chrome/138.0.0.0 Safari/537.36"
10.4.255.92 - - [18/Jul/2025:12:53:22 +0200] "GET /csrftoken HTTP/2.0" 200 124 "-" "Mozilla/5.0 (Windows NT 10.0; Win64; x64) AppleWebKit/537.36 (KHTML, like Gecko) Chrome/138.0.0.0 Safari/537.36"
10.4.255.86 - - [18/Jul/2025:12:53:50 +0200] "GET /ocs/v2.php/apps/notifications/api/v2/notifications HTTP/2.0" 304 0 "-" "Mozilla/5.0 (X11; Linux x86_64; rv:128.0) Gecko/20100101 Firefox/128.0"
10.4.255.86 - - [18/Jul/2025:12:53:57 +0200] "PUT /ocs/v2.php/apps/user_status/api/v1/heartbeat?format=json HTTP/2.0" 200 150 "-" "Mozilla/5.0 (X11; Linux x86_64; rv:128.0) Gecko/20100101 Firefox/128.0"
10.4.255.86 - - [18/Jul/2025:12:54:15 +0200] "PUT /ocs/v2.php/apps/user_status/api/v1/heartbeat?format=json HTTP/2.0" 200 150 "-" "Mozilla/5.0 (X11; Linux x86_64; rv:128.0) Gecko/20100101 Firefox/128.0"
10.4.255.92 - - [18/Jul/2025:12:54:18 +0200] "GET /ocs/v2.php/apps/notifications/api/v2/notifications HTTP/2.0" 304 0 "-" "Mozilla/5.0 (Windows NT 10.0; Win64; x64) AppleWebKit/537.36 (KHTML, like Gecko) Chrome/138.0.0.0 Safari/537.36"
10.4.255.86 - - [18/Jul/2025:12:54:20 +0200] "GET /ocs/v2.php/apps/notifications/api/v2/notifications HTTP/2.0" 304 0 "-" "Mozilla/5.0 (X11; Linux x86_64; rv:128.0) Gecko/20100101 Firefox/128.0"
10.4.255.86 - - [18/Jul/2025:12:54:50 +0200] "GET /ocs/v2.php/apps/notifications/api/v2/notifications HTTP/2.0" 304 0 "-" "Mozilla/5.0 (X11; Linux x86_64; rv:128.0) Gecko/20100101 Firefox/128.0"
10.4.255.92 - - [18/Jul/2025:12:55:19 +0200] "GET /ocs/v2.php/apps/notifications/api/v2/notifications HTTP/2.0" 304 0 "-" "Mozilla/5.0 (Windows NT 10.0; Win64; x64) AppleWebKit/537.36 (KHTML, like Gecko) Chrome/138.0.0.0 Safari/537.36"
10.4.255.86 - - [18/Jul/2025:12:55:20 +0200] "GET /ocs/v2.php/apps/notifications/api/v2/notifications HTTP/2.0" 304 0 "-" "Mozilla/5.0 (X11; Linux x86_64; rv:128.0) Gecko/20100101 Firefox/128.0"
10.4.255.86 - - [18/Jul/2025:12:55:50 +0200] "GET /ocs/v2.php/apps/notifications/api/v2/notifications HTTP/2.0" 304 0 "-" "Mozilla/5.0 (X11; Linux x86_64; rv:128.0) Gecko/20100101 Firefox/128.0"
10.4.255.92 - - [18/Jul/2025:12:56:20 +0200] "GET /ocs/v2.php/apps/notifications/api/v2/notifications HTTP/2.0" 304 0 "-" "Mozilla/5.0 (Windows NT 10.0; Win64; x64) AppleWebKit/537.36 (KHTML, like Gecko) Chrome/138.0.0.0 Safari/537.36"
10.4.255.92 - - [18/Jul/2025:12:57:21 +0200] "GET /ocs/v2.php/apps/notifications/api/v2/notifications HTTP/2.0" 304 0 "-" "Mozilla/5.0 (Windows NT 10.0; Win64; x64) AppleWebKit/537.36 (KHTML, like Gecko) Chrome/138.0.0.0 Safari/537.36"
10.4.255.92 - - [18/Jul/2025:12:57:21 +0200] "PUT /ocs/v2.php/apps/user_status/api/v1/heartbeat?format=json HTTP/2.0" 200 150 "-" "Mozilla/5.0 (Windows NT 10.0; Win64; x64) AppleWebKit/537.36 (KHTML, like Gecko) Chrome/138.0.0.0 Safari/537.36"
10.4.255.92 - - [18/Jul/2025:12:58:22 +0200] "GET /ocs/v2.php/apps/notifications/api/v2/notifications HTTP/2.0" 304 0 "-" "Mozilla/5.0 (Windows NT 10.0; Win64; x64) AppleWebKit/537.36 (KHTML, like Gecko) Chrome/138.0.0.0 Safari/537.36"
10.4.255.92 - - [18/Jul/2025:12:59:23 +0200] "GET /ocs/v2.php/apps/notifications/api/v2/notifications HTTP/2.0" 304 0 "-" "Mozilla/5.0 (Windows NT 10.0; Win64; x64) AppleWebKit/537.36 (KHTML, like Gecko) Chrome/138.0.0.0 Safari/537.36"
10.4.255.92 - - [18/Jul/2025:13:00:24 +0200] "GET /ocs/v2.php/apps/notifications/api/v2/notifications HTTP/2.0" 304 0 "-" "Mozilla/5.0 (Windows NT 10.0; Win64; x64) AppleWebKit/537.36 (KHTML, like Gecko) Chrome/138.0.0.0 Safari/537.36"
10.4.255.92 - - [18/Jul/2025:13:01:25 +0200] "GET /ocs/v2.php/apps/notifications/api/v2/notifications HTTP/2.0" 304 0 "-" "Mozilla/5.0 (Windows NT 10.0; Win64; x64) AppleWebKit/537.36 (KHTML, like Gecko) Chrome/138.0.0.0 Safari/537.36"
10.4.255.92 - - [18/Jul/2025:13:02:26 +0200] "GET /ocs/v2.php/apps/notifications/api/v2/notifications HTTP/2.0" 304 0 "-" "Mozilla/5.0 (Windows NT 10.0; Win64; x64) AppleWebKit/537.36 (KHTML, like Gecko) Chrome/138.0.0.0 Safari/537.36"
10.4.255.92 - - [18/Jul/2025:13:02:26 +0200] "PUT /ocs/v2.php/apps/user_status/api/v1/heartbeat?format=json HTTP/2.0" 200 150 "-" "Mozilla/5.0 (Windows NT 10.0; Win64; x64) AppleWebKit/537.36 (KHTML, like Gecko) Chrome/138.0.0.0 Safari/537.36"
10.4.255.92 - - [18/Jul/2025:13:03:27 +0200] "GET /ocs/v2.php/apps/notifications/api/v2/notifications HTTP/2.0" 304 0 "-" "Mozilla/5.0 (Windows NT 10.0; Win64; x64) AppleWebKit/537.36 (KHTML, like Gecko) Chrome/138.0.0.0 Safari/537.36"
10.4.255.92 - - [18/Jul/2025:13:03:42 +0200] "GET /csrftoken HTTP/2.0" 200 122 "-" "Mozilla/5.0 (Windows NT 10.0; Win64; x64) AppleWebKit/537.36 (KHTML, like Gecko) Chrome/138.0.0.0 Safari/537.36"
10.4.255.92 - - [18/Jul/2025:13:04:28 +0200] "GET /ocs/v2.php/apps/notifications/api/v2/notifications HTTP/2.0" 304 0 "-" "Mozilla/5.0 (Windows NT 10.0; Win64; x64) AppleWebKit/537.36 (KHTML, like Gecko) Chrome/138.0.0.0 Safari/537.36"
10.4.255.92 - - [18/Jul/2025:13:05:29 +0200] "GET /ocs/v2.php/apps/notifications/api/v2/notifications HTTP/2.0" 304 0 "-" "Mozilla/5.0 (Windows NT 10.0; Win64; x64) AppleWebKit/537.36 (KHTML, like Gecko) Chrome/138.0.0.0 Safari/537.36"
10.4.255.92 - - [18/Jul/2025:13:06:30 +0200] "GET /ocs/v2.php/apps/notifications/api/v2/notifications HTTP/2.0" 304 0 "-" "Mozilla/5.0 (Windows NT 10.0; Win64; x64) AppleWebKit/537.36 (KHTML, like Gecko) Chrome/138.0.0.0 Safari/537.36"
10.4.255.92 - - [18/Jul/2025:13:07:31 +0200] "GET /ocs/v2.php/apps/notifications/api/v2/notifications HTTP/2.0" 304 0 "-" "Mozilla/5.0 (Windows NT 10.0; Win64; x64) AppleWebKit/537.36 (KHTML, like Gecko) Chrome/138.0.0.0 Safari/537.36"
10.4.255.92 - - [18/Jul/2025:13:07:31 +0200] "PUT /ocs/v2.php/apps/user_status/api/v1/heartbeat?format=json HTTP/2.0" 200 150 "-" "Mozilla/5.0 (Windows NT 10.0; Win64; x64) AppleWebKit/537.36 (KHTML, like Gecko) Chrome/138.0.0.0 Safari/537.36"
10.4.255.92 - - [18/Jul/2025:13:08:32 +0200] "GET /ocs/v2.php/apps/notifications/api/v2/notifications HTTP/2.0" 304 0 "-" "Mozilla/5.0 (Windows NT 10.0; Win64; x64) AppleWebKit/537.36 (KHTML, like Gecko) Chrome/138.0.0.0 Safari/537.36"
10.4.255.92 - - [18/Jul/2025:13:09:33 +0200] "GET /ocs/v2.php/apps/notifications/api/v2/notifications HTTP/2.0" 304 0 "-" "Mozilla/5.0 (Windows NT 10.0; Win64; x64) AppleWebKit/537.36 (KHTML, like Gecko) Chrome/138.0.0.0 Safari/537.36"
10.4.255.92 - - [18/Jul/2025:13:10:33 +0200] "GET /ocs/v2.php/apps/notifications/api/v2/notifications HTTP/2.0" 304 0 "-" "Mozilla/5.0 (Windows NT 10.0; Win64; x64) AppleWebKit/537.36 (KHTML, like Gecko) Chrome/138.0.0.0 Safari/537.36"
10.4.255.92 - - [18/Jul/2025:13:11:33 +0200] "GET /ocs/v2.php/apps/notifications/api/v2/notifications HTTP/2.0" 304 0 "-" "Mozilla/5.0 (Windows NT 10.0; Win64; x64) AppleWebKit/537.36 (KHTML, like Gecko) Chrome/138.0.0.0 Safari/537.36"
10.4.255.92 - - [18/Jul/2025:13:12:33 +0200] "GET /ocs/v2.php/apps/notifications/api/v2/notifications HTTP/2.0" 304 0 "-" "Mozilla/5.0 (Windows NT 10.0; Win64; x64) AppleWebKit/537.36 (KHTML, like Gecko) Chrome/138.0.0.0 Safari/537.36"
10.4.255.92 - - [18/Jul/2025:13:12:33 +0200] "PUT /ocs/v2.php/apps/user_status/api/v1/heartbeat?format=json HTTP/2.0" 200 150 "-" "Mozilla/5.0 (Windows NT 10.0; Win64; x64) AppleWebKit/537.36 (KHTML, like Gecko) Chrome/138.0.0.0 Safari/537.36"
10.4.255.92 - - [18/Jul/2025:13:13:34 +0200] "GET /ocs/v2.php/apps/notifications/api/v2/notifications HTTP/2.0" 304 0 "-" "Mozilla/5.0 (Windows NT 10.0; Win64; x64) AppleWebKit/537.36 (KHTML, like Gecko) Chrome/138.0.0.0 Safari/537.36"
10.4.255.92 - - [18/Jul/2025:13:14:34 +0200] "GET /ocs/v2.php/apps/notifications/api/v2/notifications HTTP/2.0" 304 0 "-" "Mozilla/5.0 (Windows NT 10.0; Win64; x64) AppleWebKit/537.36 (KHTML, like Gecko) Chrome/138.0.0.0 Safari/537.36"
10.4.255.86 - - [18/Jul/2025:13:14:58 +0200] "GET /apps/dashboard/ HTTP/2.0" 200 8478 "-" "Mozilla/5.0 (X11; Linux x86_64; rv:128.0) Gecko/20100101 Firefox/128.0"
10.4.255.86 - - [18/Jul/2025:13:14:58 +0200] "GET /apps/theming/img/background/jenna-kim-the-globe-dark.webp HTTP/2.0" 200 98304 "https://10.4.249.198:8090/core/css/server.css?v=4b17a14f-0" "Mozilla/5.0 (X11; Linux x86_64; rv:128.0) Gecko/20100101 Firefox/128.0"
10.4.255.86 - - [18/Jul/2025:13:14:58 +0200] "GET /ocs/v2.php/apps/dashboard/api/v1/widgets HTTP/2.0" 200 492 "-" "Mozilla/5.0 (X11; Linux x86_64; rv:128.0) Gecko/20100101 Firefox/128.0"
10.4.255.86 - - [18/Jul/2025:13:14:58 +0200] "PROPFIND /remote.php/dav/files/johan/ HTTP/2.0" 207 536 "-" "Mozilla/5.0 (X11; Linux x86_64; rv:128.0) Gecko/20100101 Firefox/128.0"
10.4.255.86 - - [18/Jul/2025:13:14:58 +0200] "GET /ocs/v2.php/apps/recommendations/api/v1/recommendations/always HTTP/2.0" 200 416 "-" "Mozilla/5.0 (X11; Linux x86_64; rv:128.0) Gecko/20100101 Firefox/128.0"
10.4.255.86 - - [18/Jul/2025:13:14:58 +0200] "GET /ocs/v2.php/apps/user_status/api/v1/user_status HTTP/2.0" 200 150 "-" "Mozilla/5.0 (X11; Linux x86_64; rv:128.0) Gecko/20100101 Firefox/128.0"
10.4.255.86 - - [18/Jul/2025:13:14:58 +0200] "PUT /ocs/v2.php/apps/user_status/api/v1/heartbeat?format=json HTTP/2.0" 200 150 "-" "Mozilla/5.0 (X11; Linux x86_64; rv:128.0) Gecko/20100101 Firefox/128.0"
10.4.255.86 - - [18/Jul/2025:13:14:58 +0200] "GET /ocs/v2.php/apps/notifications/api/v2/notifications HTTP/2.0" 200 81 "-" "Mozilla/5.0 (X11; Linux x86_64; rv:128.0) Gecko/20100101 Firefox/128.0"
10.4.255.86 - - [18/Jul/2025:13:15:11 +0200] "GET /apps/files/ HTTP/2.0" 200 9498 "-" "Mozilla/5.0 (X11; Linux x86_64; rv:128.0) Gecko/20100101 Firefox/128.0"
10.4.255.86 - - [18/Jul/2025:13:15:12 +0200] "REPORT /remote.php/dav/files/johan/ HTTP/2.0" 207 156 "-" "Mozilla/5.0 (X11; Linux x86_64; rv:128.0) Gecko/20100101 Firefox/128.0"
10.4.255.86 - - [18/Jul/2025:13:15:12 +0200] "GET /ocs/v2.php/apps/files/api/v1/folder-tree?path=%2F&depth=1 HTTP/2.0" 200 96 "-" "Mozilla/5.0 (X11; Linux x86_64; rv:128.0) Gecko/20100101 Firefox/128.0"
10.4.255.86 - - [18/Jul/2025:13:15:12 +0200] "PROPFIND /remote.php/dav/files/johan/ HTTP/2.0" 207 2031 "-" "Mozilla/5.0 (X11; Linux x86_64; rv:128.0) Gecko/20100101 Firefox/128.0"
10.4.255.86 - - [18/Jul/2025:13:15:12 +0200] "GET /apps/theming/favicon/files?v=8b1c04c8 HTTP/2.0" 200 2879 "-" "Mozilla/5.0 (X11; Linux x86_64; rv:128.0) Gecko/20100101 Firefox/128.0"
10.4.255.86 - - [18/Jul/2025:13:15:12 +0200] "GET /ocs/v2.php/apps/user_status/api/v1/user_status HTTP/2.0" 200 150 "-" "Mozilla/5.0 (X11; Linux x86_64; rv:128.0) Gecko/20100101 Firefox/128.0"
10.4.255.86 - - [18/Jul/2025:13:15:12 +0200] "PUT /ocs/v2.php/apps/user_status/api/v1/heartbeat?format=json HTTP/2.0" 200 150 "-" "Mozilla/5.0 (X11; Linux x86_64; rv:128.0) Gecko/20100101 Firefox/128.0"
10.4.255.86 - - [18/Jul/2025:13:15:12 +0200] "GET /apps/theming/icon/files?v=8b1c04c8 HTTP/2.0" 200 10025 "-" "Mozilla/5.0 (X11; Linux x86_64; rv:128.0) Gecko/20100101 Firefox/128.0"
10.4.255.86 - - [18/Jul/2025:13:15:12 +0200] "GET /ocs/v2.php/apps/notifications/api/v2/notifications HTTP/2.0" 200 81 "-" "Mozilla/5.0 (X11; Linux x86_64; rv:128.0) Gecko/20100101 Firefox/128.0"
10.4.255.86 - - [18/Jul/2025:13:15:12 +0200] "GET /index.php/apps/files/preview-service-worker.js HTTP/2.0" 200 0 "-" "Mozilla/5.0 (X11; Linux x86_64; rv:128.0) Gecko/20100101 Firefox/128.0"
10.4.255.86 - - [18/Jul/2025:13:15:12 +0200] "GET /ocs/v2.php/apps/recommendations/api/v1/recommendations HTTP/2.0" 200 416 "-" "Mozilla/5.0 (X11; Linux x86_64; rv:128.0) Gecko/20100101 Firefox/128.0"
10.4.255.86 - - [18/Jul/2025:13:15:13 +0200] "GET /core/mimeicon?mime=video%2Fmp4 HTTP/2.0" 303 0 "-" "Mozilla/5.0 (X11; Linux x86_64; rv:128.0) Gecko/20100101 Firefox/128.0"
10.4.255.86 - - [18/Jul/2025:13:15:13 +0200] "GET /core/mimeicon?mime=application%2Fpdf HTTP/2.0" 303 0 "-" "Mozilla/5.0 (X11; Linux x86_64; rv:128.0) Gecko/20100101 Firefox/128.0"
10.4.255.86 - - [18/Jul/2025:13:15:13 +0200] "GET /core/preview?fileId=253&x=32&y=32&mimeFallback=true&v=91e582&a=0 HTTP/2.0" 200 3895 "-" "Mozilla/5.0 (X11; Linux x86_64; rv:128.0) Gecko/20100101 Firefox/128.0"
10.4.255.86 - - [18/Jul/2025:13:15:13 +0200] "GET /ocs/v2.php/apps/text/workspace?path=%2F HTTP/2.0" 200 151 "-" "Mozilla/5.0 (X11; Linux x86_64; rv:128.0) Gecko/20100101 Firefox/128.0"
10.4.255.86 - - [18/Jul/2025:13:15:13 +0200] "PUT /apps/text/session/200/create HTTP/2.0" 200 451 "-" "Mozilla/5.0 (X11; Linux x86_64; rv:128.0) Gecko/20100101 Firefox/128.0"
10.4.255.86 - - [18/Jul/2025:13:15:13 +0200] "POST /apps/text/attachments HTTP/2.0" 200 22 "-" "Mozilla/5.0 (X11; Linux x86_64; rv:128.0) Gecko/20100101 Firefox/128.0"
10.4.255.86 - - [18/Jul/2025:13:15:14 +0200] "PROPFIND /remote.php/dav/files/johan/Readme.md HTTP/2.0" 207 712 "-" "Mozilla/5.0 (X11; Linux x86_64; rv:128.0) Gecko/20100101 Firefox/128.0"
10.4.255.86 - - [18/Jul/2025:13:15:14 +0200] "POST /apps/text/session/200/sync HTTP/2.0" 200 228 "-" "Mozilla/5.0 (X11; Linux x86_64; rv:128.0) Gecko/20100101 Firefox/128.0"
10.4.255.86 - - [18/Jul/2025:13:15:14 +0200] "GET /core/preview?fileId=252&x=32&y=32&mimeFallback=true&v=2028e3&a=0 HTTP/2.0" 200 3102 "-" "Mozilla/5.0 (X11; Linux x86_64; rv:128.0) Gecko/20100101 Firefox/128.0"
10.4.255.86 - - [18/Jul/2025:13:15:14 +0200] "POST /apps/text/session/200/push HTTP/2.0" 200 65 "-" "Mozilla/5.0 (X11; Linux x86_64; rv:128.0) Gecko/20100101 Firefox/128.0"
10.4.255.86 - - [18/Jul/2025:13:15:14 +0200] "GET /core/preview?fileId=200&x=32&y=32&mimeFallback=true&v=d7c6dc&a=0 HTTP/2.0" 200 1243 "-" "Mozilla/5.0 (X11; Linux x86_64; rv:128.0) Gecko/20100101 Firefox/128.0"
10.4.255.86 - - [18/Jul/2025:13:15:19 +0200] "POST /apps/text/session/200/sync HTTP/2.0" 200 335 "-" "Mozilla/5.0 (X11; Linux x86_64; rv:128.0) Gecko/20100101 Firefox/128.0"
10.4.255.86 - - [18/Jul/2025:13:15:24 +0200] "DELETE /remote.php/dav/files/johan/Documents HTTP/2.0" 204 0 "-" "Mozilla/5.0 (X11; Linux x86_64; rv:128.0) Gecko/20100101 Firefox/128.0"
10.4.255.86 - - [18/Jul/2025:13:15:24 +0200] "DELETE /remote.php/dav/files/johan/Photos HTTP/2.0" 204 0 "-" "Mozilla/5.0 (X11; Linux x86_64; rv:128.0) Gecko/20100101 Firefox/128.0"
10.4.255.86 - - [18/Jul/2025:13:15:24 +0200] "DELETE /remote.php/dav/files/johan/Templates HTTP/2.0" 204 0 "-" "Mozilla/5.0 (X11; Linux x86_64; rv:128.0) Gecko/20100101 Firefox/128.0"
10.4.255.86 - - [18/Jul/2025:13:15:24 +0200] "POST /apps/text/session/200/sync HTTP/2.0" 200 335 "-" "Mozilla/5.0 (X11; Linux x86_64; rv:128.0) Gecko/20100101 Firefox/128.0"
10.4.255.86 - - [18/Jul/2025:13:15:24 +0200] "GET /apps/files/api/v1/stats HTTP/2.0" 200 154 "-" "Mozilla/5.0 (X11; Linux x86_64; rv:128.0) Gecko/20100101 Firefox/128.0"
10.4.255.86 - - [18/Jul/2025:13:15:24 +0200] "DELETE /remote.php/dav/files/johan/Nextcloud.png HTTP/2.0" 204 0 "-" "Mozilla/5.0 (X11; Linux x86_64; rv:128.0) Gecko/20100101 Firefox/128.0"
10.4.255.86 - - [18/Jul/2025:13:15:24 +0200] "DELETE /remote.php/dav/files/johan/Nextcloud%20intro.mp4 HTTP/2.0" 204 0 "-" "Mozilla/5.0 (X11; Linux x86_64; rv:128.0) Gecko/20100101 Firefox/128.0"
10.4.255.86 - - [18/Jul/2025:13:15:25 +0200] "DELETE /remote.php/dav/files/johan/Nextcloud%20Manual.pdf HTTP/2.0" 204 0 "-" "Mozilla/5.0 (X11; Linux x86_64; rv:128.0) Gecko/20100101 Firefox/128.0"
10.4.255.86 - - [18/Jul/2025:13:15:25 +0200] "DELETE /remote.php/dav/files/johan/Reasons%20to%20use%20Nextcloud.pdf HTTP/2.0" 204 0 "-" "Mozilla/5.0 (X11; Linux x86_64; rv:128.0) Gecko/20100101 Firefox/128.0"
10.4.255.86 - - [18/Jul/2025:13:15:25 +0200] "DELETE /remote.php/dav/files/johan/Readme.md HTTP/2.0" 204 0 "-" "Mozilla/5.0 (X11; Linux x86_64; rv:128.0) Gecko/20100101 Firefox/128.0"
10.4.255.86 - - [18/Jul/2025:13:15:25 +0200] "DELETE /remote.php/dav/files/johan/Templates%20credits.md HTTP/2.0" 204 0 "-" "Mozilla/5.0 (X11; Linux x86_64; rv:128.0) Gecko/20100101 Firefox/128.0"
10.4.255.86 - - [18/Jul/2025:13:15:25 +0200] "POST /apps/text/session/200/close HTTP/2.0" 200 22 "-" "Mozilla/5.0 (X11; Linux x86_64; rv:128.0) Gecko/20100101 Firefox/128.0"
10.4.255.86 - - [18/Jul/2025:13:15:25 +0200] "GET /ocs/v2.php/apps/text/workspace?path=%2F HTTP/2.0" 404 140 "-" "Mozilla/5.0 (X11; Linux x86_64; rv:128.0) Gecko/20100101 Firefox/128.0"
10.4.255.86 - - [18/Jul/2025:13:15:27 +0200] "GET /apps/dashboard/ HTTP/2.0" 200 8488 "-" "Mozilla/5.0 (X11; Linux x86_64; rv:128.0) Gecko/20100101 Firefox/128.0"
10.4.255.86 - - [18/Jul/2025:13:15:27 +0200] "GET /ocs/v2.php/apps/dashboard/api/v1/widgets HTTP/2.0" 200 492 "-" "Mozilla/5.0 (X11; Linux x86_64; rv:128.0) Gecko/20100101 Firefox/128.0"
10.4.255.86 - - [18/Jul/2025:13:15:27 +0200] "GET /ocs/v2.php/apps/recommendations/api/v1/recommendations/always HTTP/2.0" 200 109 "-" "Mozilla/5.0 (X11; Linux x86_64; rv:128.0) Gecko/20100101 Firefox/128.0"
10.4.255.86 - - [18/Jul/2025:13:15:27 +0200] "PROPFIND /remote.php/dav/files/johan/ HTTP/2.0" 207 527 "-" "Mozilla/5.0 (X11; Linux x86_64; rv:128.0) Gecko/20100101 Firefox/128.0"
10.4.255.86 - - [18/Jul/2025:13:15:27 +0200] "GET /ocs/v2.php/apps/user_status/api/v1/user_status HTTP/2.0" 200 150 "-" "Mozilla/5.0 (X11; Linux x86_64; rv:128.0) Gecko/20100101 Firefox/128.0"
10.4.255.86 - - [18/Jul/2025:13:15:27 +0200] "PUT /ocs/v2.php/apps/user_status/api/v1/heartbeat?format=json HTTP/2.0" 200 150 "-" "Mozilla/5.0 (X11; Linux x86_64; rv:128.0) Gecko/20100101 Firefox/128.0"
10.4.255.86 - - [18/Jul/2025:13:15:27 +0200] "GET /ocs/v2.php/apps/notifications/api/v2/notifications HTTP/2.0" 200 81 "-" "Mozilla/5.0 (X11; Linux x86_64; rv:128.0) Gecko/20100101 Firefox/128.0"
10.4.255.86 - - [18/Jul/2025:13:15:27 +0200] "GET /index.php/apps/files/preview-service-worker.js HTTP/2.0" 200 0 "-" "Mozilla/5.0 (X11; Linux x86_64; rv:128.0) Gecko/20100101 Firefox/128.0"
10.4.255.92 - - [18/Jul/2025:13:15:33 +0200] "GET /ocs/v2.php/apps/notifications/api/v2/notifications HTTP/2.0" 304 0 "-" "Mozilla/5.0 (Windows NT 10.0; Win64; x64) AppleWebKit/537.36 (KHTML, like Gecko) Chrome/138.0.0.0 Safari/537.36"
10.4.255.92 - - [18/Jul/2025:13:16:33 +0200] "GET /ocs/v2.php/apps/notifications/api/v2/notifications HTTP/2.0" 304 0 "-" "Mozilla/5.0 (Windows NT 10.0; Win64; x64) AppleWebKit/537.36 (KHTML, like Gecko) Chrome/138.0.0.0 Safari/537.36"
10.4.255.92 - - [18/Jul/2025:13:16:33 +0200] "GET /csrftoken HTTP/2.0" 200 122 "-" "Mozilla/5.0 (Windows NT 10.0; Win64; x64) AppleWebKit/537.36 (KHTML, like Gecko) Chrome/138.0.0.0 Safari/537.36"
10.4.255.92 - - [18/Jul/2025:13:17:33 +0200] "GET /ocs/v2.php/apps/notifications/api/v2/notifications HTTP/2.0" 304 0 "-" "Mozilla/5.0 (Windows NT 10.0; Win64; x64) AppleWebKit/537.36 (KHTML, like Gecko) Chrome/138.0.0.0 Safari/537.36"
10.4.255.92 - - [18/Jul/2025:13:17:33 +0200] "PUT /ocs/v2.php/apps/user_status/api/v1/heartbeat?format=json HTTP/2.0" 200 150 "-" "Mozilla/5.0 (Windows NT 10.0; Win64; x64) AppleWebKit/537.36 (KHTML, like Gecko) Chrome/138.0.0.0 Safari/537.36"
10.4.255.92 - - [18/Jul/2025:13:18:33 +0200] "GET /ocs/v2.php/apps/notifications/api/v2/notifications HTTP/2.0" 304 0 "-" "Mozilla/5.0 (Windows NT 10.0; Win64; x64) AppleWebKit/537.36 (KHTML, like Gecko) Chrome/138.0.0.0 Safari/537.36"
10.4.255.92 - - [18/Jul/2025:13:19:33 +0200] "GET /ocs/v2.php/apps/notifications/api/v2/notifications HTTP/2.0" 304 0 "-" "Mozilla/5.0 (Windows NT 10.0; Win64; x64) AppleWebKit/537.36 (KHTML, like Gecko) Chrome/138.0.0.0 Safari/537.36"
10.4.255.92 - - [18/Jul/2025:13:20:33 +0200] "GET /ocs/v2.php/apps/notifications/api/v2/notifications HTTP/2.0" 304 0 "-" "Mozilla/5.0 (Windows NT 10.0; Win64; x64) AppleWebKit/537.36 (KHTML, like Gecko) Chrome/138.0.0.0 Safari/537.36"
10.4.255.92 - - [18/Jul/2025:13:21:33 +0200] "GET /ocs/v2.php/apps/notifications/api/v2/notifications HTTP/2.0" 304 0 "-" "Mozilla/5.0 (Windows NT 10.0; Win64; x64) AppleWebKit/537.36 (KHTML, like Gecko) Chrome/138.0.0.0 Safari/537.36"
10.4.255.92 - - [18/Jul/2025:13:22:33 +0200] "GET /ocs/v2.php/apps/notifications/api/v2/notifications HTTP/2.0" 304 0 "-" "Mozilla/5.0 (Windows NT 10.0; Win64; x64) AppleWebKit/537.36 (KHTML, like Gecko) Chrome/138.0.0.0 Safari/537.36"
10.4.255.92 - - [18/Jul/2025:13:22:33 +0200] "PUT /ocs/v2.php/apps/user_status/api/v1/heartbeat?format=json HTTP/2.0" 200 150 "-" "Mozilla/5.0 (Windows NT 10.0; Win64; x64) AppleWebKit/537.36 (KHTML, like Gecko) Chrome/138.0.0.0 Safari/537.36"
10.4.255.92 - - [18/Jul/2025:13:23:33 +0200] "GET /ocs/v2.php/apps/notifications/api/v2/notifications HTTP/2.0" 304 0 "-" "Mozilla/5.0 (Windows NT 10.0; Win64; x64) AppleWebKit/537.36 (KHTML, like Gecko) Chrome/138.0.0.0 Safari/537.36"
10.4.255.92 - - [18/Jul/2025:13:24:21 +0200] "GET /ocs/v2.php/apps/notifications/api/v2/notifications HTTP/2.0" 304 0 "-" "Mozilla/5.0 (Windows NT 10.0; Win64; x64) AppleWebKit/537.36 (KHTML, like Gecko) Chrome/138.0.0.0 Safari/537.36"
10.4.255.92 - - [18/Jul/2025:13:24:21 +0200] "PUT /ocs/v2.php/apps/user_status/api/v1/heartbeat?format=json HTTP/2.0" 200 150 "-" "Mozilla/5.0 (Windows NT 10.0; Win64; x64) AppleWebKit/537.36 (KHTML, like Gecko) Chrome/138.0.0.0 Safari/537.36"
10.4.255.92 - - [18/Jul/2025:13:25:11 +0200] "GET /ocs/v2.php/apps/notifications/api/v2/notifications HTTP/2.0" 304 0 "-" "Mozilla/5.0 (Windows NT 10.0; Win64; x64) AppleWebKit/537.36 (KHTML, like Gecko) Chrome/138.0.0.0 Safari/537.36"
10.4.255.92 - - [18/Jul/2025:13:26:12 +0200] "GET /ocs/v2.php/apps/notifications/api/v2/notifications HTTP/2.0" 304 0 "-" "Mozilla/5.0 (Windows NT 10.0; Win64; x64) AppleWebKit/537.36 (KHTML, like Gecko) Chrome/138.0.0.0 Safari/537.36"
10.4.255.92 - - [18/Jul/2025:13:27:13 +0200] "GET /ocs/v2.php/apps/notifications/api/v2/notifications HTTP/2.0" 304 0 "-" "Mozilla/5.0 (Windows NT 10.0; Win64; x64) AppleWebKit/537.36 (KHTML, like Gecko) Chrome/138.0.0.0 Safari/537.36"
10.4.255.92 - - [18/Jul/2025:13:27:13 +0200] "PUT /ocs/v2.php/apps/user_status/api/v1/heartbeat?format=json HTTP/2.0" 200 150 "-" "Mozilla/5.0 (Windows NT 10.0; Win64; x64) AppleWebKit/537.36 (KHTML, like Gecko) Chrome/138.0.0.0 Safari/537.36"
10.4.255.92 - - [18/Jul/2025:13:27:40 +0200] "GET /csrftoken HTTP/2.0" 200 125 "-" "Mozilla/5.0 (Windows NT 10.0; Win64; x64) AppleWebKit/537.36 (KHTML, like Gecko) Chrome/138.0.0.0 Safari/537.36"
10.4.255.92 - - [18/Jul/2025:13:27:41 +0200] "GET /ocs/v2.php/apps/notifications/api/v2/notifications HTTP/2.0" 304 0 "-" "Mozilla/5.0 (Windows NT 10.0; Win64; x64) AppleWebKit/537.36 (KHTML, like Gecko) Chrome/138.0.0.0 Safari/537.36"
10.4.255.92 - - [18/Jul/2025:13:28:11 +0200] "GET /ocs/v2.php/apps/notifications/api/v2/notifications HTTP/2.0" 304 0 "-" "Mozilla/5.0 (Windows NT 10.0; Win64; x64) AppleWebKit/537.36 (KHTML, like Gecko) Chrome/138.0.0.0 Safari/537.36"
10.4.255.92 - - [18/Jul/2025:13:28:41 +0200] "GET /ocs/v2.php/apps/notifications/api/v2/notifications HTTP/2.0" 304 0 "-" "Mozilla/5.0 (Windows NT 10.0; Win64; x64) AppleWebKit/537.36 (KHTML, like Gecko) Chrome/138.0.0.0 Safari/537.36"
10.4.255.92 - - [18/Jul/2025:13:29:11 +0200] "GET /ocs/v2.php/apps/notifications/api/v2/notifications HTTP/2.0" 304 0 "-" "Mozilla/5.0 (Windows NT 10.0; Win64; x64) AppleWebKit/537.36 (KHTML, like Gecko) Chrome/138.0.0.0 Safari/537.36"
10.4.255.92 - - [18/Jul/2025:13:29:42 +0200] "GET /ocs/v2.php/apps/notifications/api/v2/notifications HTTP/2.0" 304 0 "-" "Mozilla/5.0 (Windows NT 10.0; Win64; x64) AppleWebKit/537.36 (KHTML, like Gecko) Chrome/138.0.0.0 Safari/537.36"
10.4.255.92 - - [18/Jul/2025:13:30:33 +0200] "GET /ocs/v2.php/apps/notifications/api/v2/notifications HTTP/2.0" 304 0 "-" "Mozilla/5.0 (Windows NT 10.0; Win64; x64) AppleWebKit/537.36 (KHTML, like Gecko) Chrome/138.0.0.0 Safari/537.36"
10.4.255.92 - - [18/Jul/2025:13:31:33 +0200] "GET /ocs/v2.php/apps/notifications/api/v2/notifications HTTP/2.0" 304 0 "-" "Mozilla/5.0 (Windows NT 10.0; Win64; x64) AppleWebKit/537.36 (KHTML, like Gecko) Chrome/138.0.0.0 Safari/537.36"
10.4.255.92 - - [18/Jul/2025:13:32:33 +0200] "GET /ocs/v2.php/apps/notifications/api/v2/notifications HTTP/2.0" 304 0 "-" "Mozilla/5.0 (Windows NT 10.0; Win64; x64) AppleWebKit/537.36 (KHTML, like Gecko) Chrome/138.0.0.0 Safari/537.36"
10.4.255.92 - - [18/Jul/2025:13:32:33 +0200] "PUT /ocs/v2.php/apps/user_status/api/v1/heartbeat?format=json HTTP/2.0" 200 150 "-" "Mozilla/5.0 (Windows NT 10.0; Win64; x64) AppleWebKit/537.36 (KHTML, like Gecko) Chrome/138.0.0.0 Safari/537.36"
10.4.255.92 - - [18/Jul/2025:13:33:33 +0200] "GET /ocs/v2.php/apps/notifications/api/v2/notifications HTTP/2.0" 304 0 "-" "Mozilla/5.0 (Windows NT 10.0; Win64; x64) AppleWebKit/537.36 (KHTML, like Gecko) Chrome/138.0.0.0 Safari/537.36"
10.4.255.92 - - [18/Jul/2025:13:34:33 +0200] "GET /ocs/v2.php/apps/notifications/api/v2/notifications HTTP/2.0" 304 0 "-" "Mozilla/5.0 (Windows NT 10.0; Win64; x64) AppleWebKit/537.36 (KHTML, like Gecko) Chrome/138.0.0.0 Safari/537.36"
10.4.255.92 - - [18/Jul/2025:13:35:33 +0200] "GET /ocs/v2.php/apps/notifications/api/v2/notifications HTTP/2.0" 304 0 "-" "Mozilla/5.0 (Windows NT 10.0; Win64; x64) AppleWebKit/537.36 (KHTML, like Gecko) Chrome/138.0.0.0 Safari/537.36"
10.4.255.92 - - [18/Jul/2025:13:36:33 +0200] "GET /ocs/v2.php/apps/notifications/api/v2/notifications HTTP/2.0" 304 0 "-" "Mozilla/5.0 (Windows NT 10.0; Win64; x64) AppleWebKit/537.36 (KHTML, like Gecko) Chrome/138.0.0.0 Safari/537.36"
10.4.255.92 - - [18/Jul/2025:13:37:33 +0200] "GET /ocs/v2.php/apps/notifications/api/v2/notifications HTTP/2.0" 304 0 "-" "Mozilla/5.0 (Windows NT 10.0; Win64; x64) AppleWebKit/537.36 (KHTML, like Gecko) Chrome/138.0.0.0 Safari/537.36"
10.4.255.92 - - [18/Jul/2025:13:37:33 +0200] "PUT /ocs/v2.php/apps/user_status/api/v1/heartbeat?format=json HTTP/2.0" 200 150 "-" "Mozilla/5.0 (Windows NT 10.0; Win64; x64) AppleWebKit/537.36 (KHTML, like Gecko) Chrome/138.0.0.0 Safari/537.36"
10.4.255.92 - - [18/Jul/2025:13:38:33 +0200] "GET /ocs/v2.php/apps/notifications/api/v2/notifications HTTP/2.0" 304 0 "-" "Mozilla/5.0 (Windows NT 10.0; Win64; x64) AppleWebKit/537.36 (KHTML, like Gecko) Chrome/138.0.0.0 Safari/537.36"
10.4.255.92 - - [18/Jul/2025:13:39:33 +0200] "GET /ocs/v2.php/apps/notifications/api/v2/notifications HTTP/2.0" 304 0 "-" "Mozilla/5.0 (Windows NT 10.0; Win64; x64) AppleWebKit/537.36 (KHTML, like Gecko) Chrome/138.0.0.0 Safari/537.36"
10.4.255.92 - - [18/Jul/2025:13:40:34 +0200] "GET /ocs/v2.php/apps/notifications/api/v2/notifications HTTP/2.0" 304 0 "-" "Mozilla/5.0 (Windows NT 10.0; Win64; x64) AppleWebKit/537.36 (KHTML, like Gecko) Chrome/138.0.0.0 Safari/537.36"
10.4.255.92 - - [18/Jul/2025:13:40:34 +0200] "GET /csrftoken HTTP/2.0" 200 122 "-" "Mozilla/5.0 (Windows NT 10.0; Win64; x64) AppleWebKit/537.36 (KHTML, like Gecko) Chrome/138.0.0.0 Safari/537.36"
10.4.255.92 - - [18/Jul/2025:13:41:33 +0200] "GET /ocs/v2.php/apps/notifications/api/v2/notifications HTTP/2.0" 304 0 "-" "Mozilla/5.0 (Windows NT 10.0; Win64; x64) AppleWebKit/537.36 (KHTML, like Gecko) Chrome/138.0.0.0 Safari/537.36"
10.4.255.92 - - [18/Jul/2025:13:42:33 +0200] "GET /ocs/v2.php/apps/notifications/api/v2/notifications HTTP/2.0" 304 0 "-" "Mozilla/5.0 (Windows NT 10.0; Win64; x64) AppleWebKit/537.36 (KHTML, like Gecko) Chrome/138.0.0.0 Safari/537.36"
10.4.255.92 - - [18/Jul/2025:13:42:33 +0200] "PUT /ocs/v2.php/apps/user_status/api/v1/heartbeat?format=json HTTP/2.0" 200 150 "-" "Mozilla/5.0 (Windows NT 10.0; Win64; x64) AppleWebKit/537.36 (KHTML, like Gecko) Chrome/138.0.0.0 Safari/537.36"
10.4.255.92 - - [18/Jul/2025:13:43:33 +0200] "GET /ocs/v2.php/apps/notifications/api/v2/notifications HTTP/2.0" 304 0 "-" "Mozilla/5.0 (Windows NT 10.0; Win64; x64) AppleWebKit/537.36 (KHTML, like Gecko) Chrome/138.0.0.0 Safari/537.36"
10.4.255.92 - - [18/Jul/2025:13:44:33 +0200] "GET /ocs/v2.php/apps/notifications/api/v2/notifications HTTP/2.0" 304 0 "-" "Mozilla/5.0 (Windows NT 10.0; Win64; x64) AppleWebKit/537.36 (KHTML, like Gecko) Chrome/138.0.0.0 Safari/537.36"
10.4.255.92 - - [18/Jul/2025:13:45:33 +0200] "GET /ocs/v2.php/apps/notifications/api/v2/notifications HTTP/2.0" 304 0 "-" "Mozilla/5.0 (Windows NT 10.0; Win64; x64) AppleWebKit/537.36 (KHTML, like Gecko) Chrome/138.0.0.0 Safari/537.36"
10.4.255.92 - - [18/Jul/2025:13:46:33 +0200] "GET /ocs/v2.php/apps/notifications/api/v2/notifications HTTP/2.0" 304 0 "-" "Mozilla/5.0 (Windows NT 10.0; Win64; x64) AppleWebKit/537.36 (KHTML, like Gecko) Chrome/138.0.0.0 Safari/537.36"
